---
source: tools/chapbook-cli/tests/layout_snapshot.rs
expression: "commands::layout(&fixture(), 1).unwrap()"
---
pages: 2
anchor #ch2 -> page 0
anchor #part2 -> page 0
-- page 0 (locator start 9)
  [   69.9,   40.0  460.1x 54.0] base= 37.8 loc=9     "Chapter Two: A Continuation"
  [   40.0,  118.1  504.6x 27.0] base= 18.9 loc=41    "This chapter exists so the spine has more than one entry, so locators can"
  [   40.0,  145.1  516.7x 27.0] base= 18.9 loc=119   "point past spine index zero, and so forced page breaks have somewhere to"
  [   40.0,  172.1   34.2x 27.0] base= 18.9 loc=196   "land."
  [   40.0,  221.5  179.3x 40.5] base= 28.3 loc=206   "Part the Second"
  [   40.0,  284.5  491.4x 27.0] base= 18.9 loc=226   "An anchor above should appear in the anchors map when layout runs."
  [   40.0,  311.5  518.2x 27.0] base= 18.9 loc=297   "Unicode coverage: naïve café — em-dash, “curly quotes”, and the ligature-"
  [   40.0,  338.5  167.8x 27.0] base= 18.9 loc=374   "friendly word affluence."
-- page 1 (locator start 403)
  [   40.0,   40.0  488.5x 27.0] base= 18.9 loc=403   "This paragraph requests a page break before itself via the legacy page-"
  [   40.0,   67.0  159.0x 27.0] base= 18.9 loc=478   "break-before property."
