---
source: tools/chapbook-cli/tests/layout_snapshot.rs
expression: "commands::layout(&path, 0).unwrap()"
---
pages: 2
anchor #ch1 -> page 0
-- page 0 (locator start 9)
  [   40.0,   40.0  365.9x 54.0] base= 37.8 loc=9     "The Illustrated Chapter"
  [   40.0,  118.1  507.7x 27.0] base= 18.9 loc=37    "Text before the picture, with a underlined link and some struck-through"
  [   40.0,  145.1  203.9x 27.0] base= 18.9 loc=113   "words for decoration testing."
  [  268.0,  190.1   64.0x 48.0] Image { resource: 4294967324 }
  [   40.0,  256.1  419.6x 27.0] base= 18.9 loc=152   "This paragraph uses the aliased embedded font family."
  [   40.0,  301.1  273.2x 27.0] base= 18.9 loc=210   "And this one uses the obfuscated italic font."
  [   40.0,  346.1  520.0x  3.0] Box(BoxDecoration { background: None, border_widths: EdgeSizes { top: 1.0, right: 1.0, bottom: 1.0, left: 1.0 }, border_color: Rgba { r: 0, g: 0, b: 0, a: 255 }, first_slice: true, last_slice: true })
  [   41.0,  347.1  518.0x  1.0] Rule { color: Rgba { r: 0, g: 0, b: 0, a: 255 } }
  [   40.0,  367.1  520.0x 65.0] Box(BoxDecoration { background: Some(Rgba { r: 242, g: 234, b: 217, a: 255 }), border_widths: EdgeSizes { top: 2.0, right: 2.0, bottom: 2.0, left: 2.0 }, border_color: Rgba { r: 139, g: 90, b: 43, a: 255 }, first_slice: true, last_slice: true })
  [   54.0,  395.1  394.8x 27.0] base= 18.9 loc=272   "A framed aside with a background, border, and padding."
  [   40.0,  450.1  294.7x 27.0] base= 18.9 loc=336   "Letter-spaced small caps line."
  [   76.0,  495.1  464.2x 27.0] base= 18.9 loc=371   "An indented paragraph long enough to wrap onto a second line so"
  [   40.0,  522.1  475.2x 27.0] base= 18.9 loc=439   "the first-line indent is visible against the following lines of the same"
  [   40.0,  549.1   75.4x 27.0] base= 18.9 loc=516   "paragraph."
  [   40.0,  594.1  369.5x 27.0] base= 18.9 loc=531   "☙\u{a0}A paragraph with generated content around it. ☙"
  [  244.2,  639.1  111.6x 27.0] base= 18.9 loc=588   "Vessel Particulars"
  [   42.0,  668.1  123.4x 35.0] Box(BoxDecoration { background: Some(Rgba { r: 242, g: 234, b: 217, a: 255 }), border_widths: EdgeSizes { top: 1.0, right: 1.0, bottom: 1.0, left: 1.0 }, border_color: Rgba { r: 139, g: 90, b: 43, a: 255 }, first_slice: true, last_slice: true })
  [   49.0,  672.1   69.6x 27.0] base= 18.9 loc=613   "Property"
  [  167.4,  668.1  390.6x 35.0] Box(BoxDecoration { background: Some(Rgba { r: 242, g: 234, b: 217, a: 255 }), border_widths: EdgeSizes { top: 1.0, right: 1.0, bottom: 1.0, left: 1.0 }, border_color: Rgba { r: 139, g: 90, b: 43, a: 255 }, first_slice: true, last_slice: true })
  [  174.4,  672.1   44.5x 27.0] base= 18.9 loc=621   "Value"
-- page 1 (locator start 613)
  [   42.0,   42.0  123.4x 35.0] Box(BoxDecoration { background: Some(Rgba { r: 242, g: 234, b: 217, a: 255 }), border_widths: EdgeSizes { top: 1.0, right: 1.0, bottom: 1.0, left: 1.0 }, border_color: Rgba { r: 139, g: 90, b: 43, a: 255 }, first_slice: true, last_slice: true })
  [   49.0,   46.0   69.6x 27.0] base= 18.9 loc=613   "Property"
  [  167.4,   42.0  390.6x 35.0] Box(BoxDecoration { background: Some(Rgba { r: 242, g: 234, b: 217, a: 255 }), border_widths: EdgeSizes { top: 1.0, right: 1.0, bottom: 1.0, left: 1.0 }, border_color: Rgba { r: 139, g: 90, b: 43, a: 255 }, first_slice: true, last_slice: true })
  [  174.4,   46.0   44.5x 27.0] base= 18.9 loc=621   "Value"
  [   42.0,   79.0  123.4x 62.0] Box(BoxDecoration { background: None, border_widths: EdgeSizes { top: 1.0, right: 1.0, bottom: 1.0, left: 1.0 }, border_color: Rgba { r: 139, g: 90, b: 43, a: 255 }, first_slice: true, last_slice: true })
  [   49.0,   83.0   24.9x 27.0] base= 18.9 loc=633   "Rig"
  [  167.4,   79.0  390.6x 62.0] Box(BoxDecoration { background: None, border_widths: EdgeSizes { top: 1.0, right: 1.0, bottom: 1.0, left: 1.0 }, border_color: Rgba { r: 139, g: 90, b: 43, a: 255 }, first_slice: true, last_slice: true })
  [  174.4,   83.0  341.1x 27.0] base= 18.9 loc=636   "Three-masted barque, square-rigged on fore and"
  [  174.4,  110.0   36.0x 27.0] base= 18.9 loc=683   "main"
  [   42.0,  143.0  123.4x 35.0] Box(BoxDecoration { background: None, border_widths: EdgeSizes { top: 1.0, right: 1.0, bottom: 1.0, left: 1.0 }, border_color: Rgba { r: 139, g: 90, b: 43, a: 255 }, first_slice: true, last_slice: true })
  [   49.0,  147.0   61.7x 27.0] base= 18.9 loc=694   "Tonnage"
  [  167.4,  143.0  390.6x 35.0] Box(BoxDecoration { background: None, border_widths: EdgeSizes { top: 1.0, right: 1.0, bottom: 1.0, left: 1.0 }, border_color: Rgba { r: 139, g: 90, b: 43, a: 255 }, first_slice: true, last_slice: true })
  [  174.4,  147.0  120.0x 27.0] base= 18.9 loc=701   "238 tons burthen"
  [   42.0,  180.0  516.0x 35.0] Box(BoxDecoration { background: None, border_widths: EdgeSizes { top: 1.0, right: 1.0, bottom: 1.0, left: 1.0 }, border_color: Rgba { r: 139, g: 90, b: 43, a: 255 }, first_slice: true, last_slice: true })
  [   49.0,  184.0  235.4x 27.0] base= 18.9 loc=724   "Figures as recorded at first survey"
  [   40.0,  235.0  258.2x 27.0] base= 18.9 loc=769   "Text after the rule closes the chapter."
