---
source: tools/chapbook-cli/tests/styles_snapshot.rs
expression: "commands::styles(&fixture(), 0).unwrap()"
---
<html> {display: block; font-size: 18px; font-weight: 400; font-style: normal; font-family: serif; line-height: 27px; color: rgb(0, 0, 0); margin-top: 0px; margin-right: 0px; margin-bottom: 0px; margin-left: 0px; text-align: start; text-indent: 0px}
  <body> {display: block; font-size: 18px; font-weight: 400; font-style: normal; font-family: serif; line-height: 27px; color: rgb(0, 0, 0); margin-top: 0px; margin-right: 0px; margin-bottom: 0px; margin-left: 0px; text-align: start; text-indent: 0px}
    <section>#ch1.chapter {display: block; font-size: 18px; font-weight: 400; font-style: normal; font-family: serif; line-height: 27px; color: rgb(0, 0, 0); margin-top: 0px; margin-right: 0px; margin-bottom: 0px; margin-left: 0px; text-align: start; text-indent: 0px}
      <h1> {display: block; font-size: 36px; font-weight: 700; font-style: normal; font-family: serif; line-height: 54px; color: rgb(0, 0, 0); margin-top: 24.12px; margin-right: 0px; margin-bottom: 24.12px; margin-left: 0px; text-align: center; text-indent: 0px}
      <p>.first {display: block; font-size: 18px; font-weight: 400; font-style: normal; font-family: serif; line-height: 27px; color: rgb(0, 0, 0); margin-top: 0px; margin-right: 0px; margin-bottom: 0px; margin-left: 0px; text-align: start; text-indent: 0px}
        <em> {display: inline; font-size: 18px; font-weight: 400; font-style: italic; font-family: serif; line-height: 27px; color: rgb(0, 0, 0); margin-top: 0px; margin-right: 0px; margin-bottom: 0px; margin-left: 0px; text-align: start; text-indent: 0px}
        <strong> {display: inline; font-size: 18px; font-weight: 700; font-style: normal; font-family: serif; line-height: 27px; color: rgb(0, 0, 0); margin-top: 0px; margin-right: 0px; margin-bottom: 0px; margin-left: 0px; text-align: start; text-indent: 0px}
        <a> {display: inline; font-size: 18px; font-weight: 400; font-style: normal; font-family: serif; line-height: 27px; color: rgb(0, 0, 238); margin-top: 0px; margin-right: 0px; margin-bottom: 0px; margin-left: 0px; text-align: start; text-indent: 0px}
      <p> {display: block; font-size: 18px; font-weight: 400; font-style: normal; font-family: serif; line-height: 27px; color: rgb(0, 0, 0); margin-top: 0px; margin-right: 0px; margin-bottom: 0px; margin-left: 0px; text-align: start; text-indent: 21.6px}
        <span>.note {display: inline; font-size: 18px; font-weight: 400; font-style: normal; font-family: serif; line-height: 27px; color: rgb(139, 0, 0); margin-top: 0px; margin-right: 0px; margin-bottom: 0px; margin-left: 0px; text-align: start; text-indent: 21.6px}
      <blockquote> {display: block; font-size: 18px; font-weight: 400; font-style: italic; font-family: serif; line-height: 27px; color: rgb(0, 0, 0); margin-top: 18px; margin-right: 36px; margin-bottom: 18px; margin-left: 36px; text-align: start; text-indent: 0px}
        <p> {display: block; font-size: 18px; font-weight: 400; font-style: italic; font-family: serif; line-height: 27px; color: rgb(0, 0, 0); margin-top: 0px; margin-right: 0px; margin-bottom: 0px; margin-left: 0px; text-align: start; text-indent: 21.6px}
      <ul> {display: block; font-size: 18px; font-weight: 400; font-style: normal; font-family: serif; line-height: 27px; color: rgb(0, 0, 0); margin-top: 18px; margin-right: 0px; margin-bottom: 18px; margin-left: 0px; text-align: start; text-indent: 0px}
        <li> {display: list-item; font-size: 18px; font-weight: 400; font-style: normal; font-family: serif; line-height: 27px; color: rgb(0, 0, 0); margin-top: 0px; margin-right: 0px; margin-bottom: 0px; margin-left: 0px; text-align: start; text-indent: 0px}
        <li> {display: list-item; font-size: 18px; font-weight: 400; font-style: normal; font-family: serif; line-height: 27px; color: rgb(0, 0, 0); margin-top: 0px; margin-right: 0px; margin-bottom: 0px; margin-left: 0px; text-align: start; text-indent: 0px}
          <em> {display: inline; font-size: 18px; font-weight: 400; font-style: italic; font-family: serif; line-height: 27px; color: rgb(0, 0, 0); margin-top: 0px; margin-right: 0px; margin-bottom: 0px; margin-left: 0px; text-align: start; text-indent: 0px}
